🚀 B2B 旅游分销 - 开始更新
📅 时间：2026-05-12 08:01:17
📡 抓取真实新闻...
🚀 B2B 旅游分销 - 数据采集
📅 时间：2026-05-12 08:01:17
🗑️ 清理过期数据：0 条

📡 Hospitality Net... ⚠️ 无内容

📡 Skift... ✅ 10条 / 新增10条

📡 Hotel News Now... ⚠️ 无内容

📡 PhocusWire... ⚠️ 无内容

📡 FlightGlobal... ⚠️ 无内容

📡 Tnooz... ⚠️ 无内容

📡 Travel Weekly... ⚠️ 无内容

📡 Business Traveller... ✅ 18条 / 新增12条

📡 McKinsey Travel... ⚠️ 无内容

📡 GBTA... ⚠️ 无内容

✅ 完成！新增 22 条 | 数据库共 104 条（48h内 22 条）| 成功来源 2/10
🏗️  构建网站...
📤 推送到 GitHub...
[master 5567082] chore: auto update 2026-05-12
 37 files changed, 561 insertions(+), 1764 deletions(-)
 create mode 100644 logs/2026-05-12.log
To github.com:Achlysccc/b2b-travel-news.git
   440527f..5567082  master -> master
🚀 部署到 gh-pages...
error: Your local changes to the following files would be overwritten by checkout:
	logs/2026-05-12.log
Please commit your changes or stash them before you switch branches.
Aborting
EXIT_CODE=1
